


ARM Macro Assembler    Page 1 


    1 00000000                 AREA             RESET, DATA, READONLY
    2 00000000                 EXPORT           __Vectors
    3 00000000         __Vectors
    4 00000000 10001000        DCD              0x10001000
    5 00000004 00000000        DCD              Reset_Handler
    6 00000008         
    7 00000008                 ALIGN
    8 00000008                 AREA             mycode, CODE, READONLY
    9 00000000                 ENTRY
   10 00000000                 EXPORT           Reset_Handler
   11 00000000         Reset_Handler
   12 00000000 4809            LDR              R0,=SRC
   13 00000002 490A            LDR              R1,=DST
   14 00000004 F810 2B01       LDRB             R2,[R0],#1
   15 00000008 7803            LDRB             R3,[R0]
   16 0000000A F04F 0400       MOV              R4,#0
   17 0000000E         
   18 0000000E 429A    UP      CMP              R2,R3
   19 00000010 D304            BCC              RES
   20 00000012 EBA2 0203       SUB              R2,R3
   21 00000016 F104 0401       ADD              R4,#1
   22 0000001A E7F8            B                UP
   23 0000001C         
   24 0000001C F801 2B01 
                       RES     STRB             R2,[R1],#1
   25 00000020 700C            STRB             R4,[R1]
   26 00000022         
   27 00000022         STOP
   28 00000022 E7FE            B                STOP
   29 00000024 00000723 
                       SRC     DCD              0X0723
   30 00000028 00000000 
              00000000         AREA             mydata, DATA,READWRITE
   31 00000000 00000000 
                       DST     DCD              0
   32 00000004                 END
Command Line: --debug --xref --cpu=Cortex-M3 --apcs=interwork --depend=DIV.d -o
DIV.o -IC:\Keil\ARM\RV31\INC -IC:\Keil\ARM\CMSIS\Include -IC:\Keil\ARM\Inc\NXP\
LPC17xx --predefine="__EVAL SETA 1" --list=DIV.lst DIV.ASM



ARM Macro Assembler    Page 1 Alphabetic symbol ordering
Relocatable symbols

RESET 00000000

Symbol: RESET
   Definitions
      At line 1 in file DIV.ASM
   Uses
      None
Comment: RESET unused
__Vectors 00000000

Symbol: __Vectors
   Definitions
      At line 3 in file DIV.ASM
   Uses
      At line 2 in file DIV.ASM
Comment: __Vectors used once
2 symbols



ARM Macro Assembler    Page 1 Alphabetic symbol ordering
Relocatable symbols

RES 0000001C

Symbol: RES
   Definitions
      At line 24 in file DIV.ASM
   Uses
      At line 19 in file DIV.ASM
Comment: RES used once
Reset_Handler 00000000

Symbol: Reset_Handler
   Definitions
      At line 11 in file DIV.ASM
   Uses
      At line 5 in file DIV.ASM
      At line 10 in file DIV.ASM

SRC 00000024

Symbol: SRC
   Definitions
      At line 29 in file DIV.ASM
   Uses
      At line 12 in file DIV.ASM
Comment: SRC used once
STOP 00000022

Symbol: STOP
   Definitions
      At line 27 in file DIV.ASM
   Uses
      At line 28 in file DIV.ASM
Comment: STOP used once
UP 0000000E

Symbol: UP
   Definitions
      At line 18 in file DIV.ASM
   Uses
      At line 22 in file DIV.ASM
Comment: UP used once
mycode 00000000

Symbol: mycode
   Definitions
      At line 8 in file DIV.ASM
   Uses
      None
Comment: mycode unused
6 symbols



ARM Macro Assembler    Page 1 Alphabetic symbol ordering
Relocatable symbols

DST 00000000

Symbol: DST
   Definitions
      At line 31 in file DIV.ASM
   Uses
      At line 13 in file DIV.ASM
Comment: DST used once
mydata 00000000

Symbol: mydata
   Definitions
      At line 30 in file DIV.ASM
   Uses
      None
Comment: mydata unused
2 symbols
343 symbols in table
