


ARM Macro Assembler    Page 1 


    1 00000000         ;Practice
    2 00000000                 AREA             RESET, DATA, READONLY
    3 00000000                 EXPORT           __Vectors
    4 00000000         __Vectors
    5 00000000 10001000        DCD              0x10001000
    6 00000004 00000000        DCD              Reset_Handler
    7 00000008         
    8 00000008                 ALIGN
    9 00000008                 AREA             mycode, CODE, READONLY
   10 00000000                 ENTRY
   11 00000000                 EXPORT           Reset_Handler
   12 00000000         Reset_Handler
   13 00000000 4807            LDR              R0,=NUM1
   14 00000002 4A08            LDR              R2,=DST
   15 00000004 F04F 0408       MOV              R4,#8
   16 00000008 6801            LDR              R1,[R0]
   17 0000000A F001 030F 
                       UP      AND              R3,R1,0XF
   18 0000000E F842 3B04       STR              R3,[R2],#4
   19 00000012 EA4F 1131       ROR              R1,#4
   20 00000016 3C01            SUBS             R4,#01
   21 00000018 D1F7            BNE              UP
   22 0000001A         STOP
   23 0000001A E7FE            B                STOP
   24 0000001C 47231211 
                       NUM1    DCD              0x47231211
   25 00000020 00000000 
              00000000         AREA             mydata, DATA,READWRITE
   26 00000000 00000000 
                       DST     DCD              0
   27 00000004                 END
Command Line: --debug --xref --cpu=Cortex-M3 --apcs=interwork --depend=prcta2.d
 -oprcta2.o -IC:\Keil\ARM\RV31\INC -IC:\Keil\ARM\CMSIS\Include -IC:\Keil\ARM\In
c\NXP\LPC17xx --predefine="__EVAL SETA 1" --list=.\prcta2.lst LAB3\prcta2.asm



ARM Macro Assembler    Page 1 Alphabetic symbol ordering
Relocatable symbols

RESET 00000000

Symbol: RESET
   Definitions
      At line 2 in file LAB3\prcta2.asm
   Uses
      None
Comment: RESET unused
__Vectors 00000000

Symbol: __Vectors
   Definitions
      At line 4 in file LAB3\prcta2.asm
   Uses
      At line 3 in file LAB3\prcta2.asm
Comment: __Vectors used once
2 symbols



ARM Macro Assembler    Page 1 Alphabetic symbol ordering
Relocatable symbols

NUM1 0000001C

Symbol: NUM1
   Definitions
      At line 24 in file LAB3\prcta2.asm
   Uses
      At line 13 in file LAB3\prcta2.asm
Comment: NUM1 used once
Reset_Handler 00000000

Symbol: Reset_Handler
   Definitions
      At line 12 in file LAB3\prcta2.asm
   Uses
      At line 6 in file LAB3\prcta2.asm
      At line 11 in file LAB3\prcta2.asm

STOP 0000001A

Symbol: STOP
   Definitions
      At line 22 in file LAB3\prcta2.asm
   Uses
      At line 23 in file LAB3\prcta2.asm
Comment: STOP used once
UP 0000000A

Symbol: UP
   Definitions
      At line 17 in file LAB3\prcta2.asm
   Uses
      At line 21 in file LAB3\prcta2.asm
Comment: UP used once
mycode 00000000

Symbol: mycode
   Definitions
      At line 9 in file LAB3\prcta2.asm
   Uses
      None
Comment: mycode unused
5 symbols



ARM Macro Assembler    Page 1 Alphabetic symbol ordering
Relocatable symbols

DST 00000000

Symbol: DST
   Definitions
      At line 26 in file LAB3\prcta2.asm
   Uses
      At line 14 in file LAB3\prcta2.asm
Comment: DST used once
mydata 00000000

Symbol: mydata
   Definitions
      At line 25 in file LAB3\prcta2.asm
   Uses
      None
Comment: mydata unused
2 symbols
342 symbols in table
