


ARM Macro Assembler    Page 1 


    1 00000000         ;Write a program to subtract two 128 bit numbers
    2 00000000                 AREA             RESET, DATA, READONLY
    3 00000000                 EXPORT           __Vectors
    4 00000000         __Vectors
    5 00000000 10001000        DCD              0x10001000
    6 00000004 00000000        DCD              Reset_Handler
    7 00000008         
    8 00000008                 ALIGN
    9 00000008                 AREA             mycode, CODE, READONLY
   10 00000000                 ENTRY
   11 00000000                 EXPORT           Reset_Handler
   12 00000000         Reset_Handler
   13 00000000 F04F 0006       LDR              R0,=0X06
   14 00000004 F04F 0301       MOV              R3,#1
   15 00000008 F04F 0201       MOV              R2,#1
   16 0000000C F000 F801       BL               FACT
   17 00000010         STOP
   18 00000010 E7FE            B                STOP
   19 00000012 B508    FACT    PUSH             {R3,R14}
   20 00000014 F103 0301       ADD              R3,#1
   21 00000018 4283            CMP              R3,R0
   22 0000001A D205            BCS              EXIT
   23 0000001C F7FF FFF9       BL               FACT
   24 00000020 E8BD 4008       POP              {R3,R14}
   25 00000024 FB02 F203       MUL              R2,R2,R3
   26 00000028         
   27 00000028 4770    EXIT    BX               LR
   28 0000002A                 AREA             mydata, DATA,READWRITE
   29 00000000 00000000 
              00000000 
              00000000 
              00000000 DST     DCD              0,0,0,0
   30 00000010                 END
Command Line: --debug --xref --cpu=Cortex-M3 --apcs=interwork --depend=sfkn.d -
osfkn.o -IC:\Keil\ARM\RV31\INC -IC:\Keil\ARM\CMSIS\Include -IC:\Keil\ARM\Inc\NX
P\LPC17xx --predefine="__EVAL SETA 1" --list=.\sfkn.lst Practice\sfkn.asm



ARM Macro Assembler    Page 1 Alphabetic symbol ordering
Relocatable symbols

RESET 00000000

Symbol: RESET
   Definitions
      At line 2 in file Practice\sfkn.asm
   Uses
      None
Comment: RESET unused
__Vectors 00000000

Symbol: __Vectors
   Definitions
      At line 4 in file Practice\sfkn.asm
   Uses
      At line 3 in file Practice\sfkn.asm
Comment: __Vectors used once
2 symbols



ARM Macro Assembler    Page 1 Alphabetic symbol ordering
Relocatable symbols

EXIT 00000028

Symbol: EXIT
   Definitions
      At line 27 in file Practice\sfkn.asm
   Uses
      At line 22 in file Practice\sfkn.asm
Comment: EXIT used once
FACT 00000012

Symbol: FACT
   Definitions
      At line 19 in file Practice\sfkn.asm
   Uses
      At line 16 in file Practice\sfkn.asm
      At line 23 in file Practice\sfkn.asm

Reset_Handler 00000000

Symbol: Reset_Handler
   Definitions
      At line 12 in file Practice\sfkn.asm
   Uses
      At line 6 in file Practice\sfkn.asm
      At line 11 in file Practice\sfkn.asm

STOP 00000010

Symbol: STOP
   Definitions
      At line 17 in file Practice\sfkn.asm
   Uses
      At line 18 in file Practice\sfkn.asm
Comment: STOP used once
mycode 00000000

Symbol: mycode
   Definitions
      At line 9 in file Practice\sfkn.asm
   Uses
      None
Comment: mycode unused
5 symbols



ARM Macro Assembler    Page 1 Alphabetic symbol ordering
Relocatable symbols

DST 00000000

Symbol: DST
   Definitions
      At line 29 in file Practice\sfkn.asm
   Uses
      None
Comment: DST unused
mydata 00000000

Symbol: mydata
   Definitions
      At line 28 in file Practice\sfkn.asm
   Uses
      None
Comment: mydata unused
2 symbols
340 symbols in table
